flutter --classic
android-studio --classic
code --classic
